<!doctype html>
<html lang="en">
<head>
    <title>Code coverage report for library/lib/components/ProgressBar/__snapshots__/ProgressBar.test.js.snap</title>
    <meta charset="utf-8" />
    <link rel="stylesheet" href="../../../../../prettify.css" />
    <link rel="stylesheet" href="../../../../../base.css" />
    <meta name="viewport" content="width=device-width, initial-scale=1">
    <style type='text/css'>
        .coverage-summary .sorter {
            background-image: url(../../../../../sort-arrow-sprite.png);
        }
    </style>
</head>
<body>
<div class='wrapper'>
  <div class='pad1'>
    <h1>
      <a href="../../../../../index.html">All files</a> / <a href="index.html">library/lib/components/ProgressBar/__snapshots__</a> ProgressBar.test.js.snap
    </h1>
    <div class='clearfix'>
      <div class='fl pad1y space-right2'>
        <span class="strong">0% </span>
        <span class="quiet">Statements</span>
        <span class='fraction'>0/1</span>
      </div>
      <div class='fl pad1y space-right2'>
        <span class="strong">100% </span>
        <span class="quiet">Branches</span>
        <span class='fraction'>0/0</span>
      </div>
      <div class='fl pad1y space-right2'>
        <span class="strong">100% </span>
        <span class="quiet">Functions</span>
        <span class='fraction'>0/0</span>
      </div>
      <div class='fl pad1y space-right2'>
        <span class="strong">0% </span>
        <span class="quiet">Lines</span>
        <span class='fraction'>0/1</span>
      </div>
    </div>
  </div>
  <div class='status-line low'></div>
<pre><table class="coverage">
<tr><td class="line-count quiet">1
2
3
4
5
6
7
8
9
10
11
12
13
14
15
16
17
18
19
20
21
22
23
24
25
26
27
28
29
30
31
32
33
34
35
36
37
38
39
40
41
42
43
44
45
46
47
48
49
50
51
52
53
54
55
56
57
58
59
60
61
62
63
64
65
66
67
68
69
70
71
72
73
74
75
76
77
78
79
80
81
82
83
84
85
86
87
88
89
90
91
92
93
94
95
96
97
98
99
100
101
102
103
104
105
106
107
108
109
110
111
112
113
114
115
116
117
118
119
120
121
122
123
124
125
126
127
128
129
130
131
132
133
134
135
136
137
138
139
140
141
142
143
144
145
146
147
148
149
150
151
152
153
154
155
156
157
158
159
160
161
162
163
164
165
166
167
168
169
170
171
172
173
174
175
176
177
178
179
180
181
182
183
184
185
186
187
188
189
190
191
192
193
194
195
196
197
198
199
200
201
202
203
204
205
206
207
208
209
210
211
212
213
214
215
216
217
218
219
220
221
222
223
224
225
226
227
228
229
230
231
232
233
234
235
236
237
238
239
240
241
242
243
244
245
246
247
248
249
250
251
252
253
254
255
256
257
258
259
260
261
262
263
264
265
266
267
268
269
270
271
272</td><td class="line-coverage quiet"><span class="cline-any cline-neutral">&nbsp;</span>
<span class="cline-any cline-neutral">&nbsp;</span>
<span class="cline-any cline-no">&nbsp;</span>
<span class="cline-any cline-neutral">&nbsp;</span>
<span class="cline-any cline-neutral">&nbsp;</span>
<span class="cline-any cline-neutral">&nbsp;</span>
<span class="cline-any cline-neutral">&nbsp;</span>
<span class="cline-any cline-neutral">&nbsp;</span>
<span class="cline-any cline-neutral">&nbsp;</span>
<span class="cline-any cline-neutral">&nbsp;</span>
<span class="cline-any cline-neutral">&nbsp;</span>
<span class="cline-any cline-neutral">&nbsp;</span>
<span class="cline-any cline-neutral">&nbsp;</span>
<span class="cline-any cline-neutral">&nbsp;</span>
<span class="cline-any cline-neutral">&nbsp;</span>
<span class="cline-any cline-neutral">&nbsp;</span>
<span class="cline-any cline-neutral">&nbsp;</span>
<span class="cline-any cline-neutral">&nbsp;</span>
<span class="cline-any cline-neutral">&nbsp;</span>
<span class="cline-any cline-neutral">&nbsp;</span>
<span class="cline-any cline-neutral">&nbsp;</span>
<span class="cline-any cline-neutral">&nbsp;</span>
<span class="cline-any cline-neutral">&nbsp;</span>
<span class="cline-any cline-neutral">&nbsp;</span>
<span class="cline-any cline-neutral">&nbsp;</span>
<span class="cline-any cline-neutral">&nbsp;</span>
<span class="cline-any cline-neutral">&nbsp;</span>
<span class="cline-any cline-neutral">&nbsp;</span>
<span class="cline-any cline-neutral">&nbsp;</span>
<span class="cline-any cline-neutral">&nbsp;</span>
<span class="cline-any cline-neutral">&nbsp;</span>
<span class="cline-any cline-neutral">&nbsp;</span>
<span class="cline-any cline-neutral">&nbsp;</span>
<span class="cline-any cline-neutral">&nbsp;</span>
<span class="cline-any cline-neutral">&nbsp;</span>
<span class="cline-any cline-neutral">&nbsp;</span>
<span class="cline-any cline-neutral">&nbsp;</span>
<span class="cline-any cline-neutral">&nbsp;</span>
<span class="cline-any cline-neutral">&nbsp;</span>
<span class="cline-any cline-neutral">&nbsp;</span>
<span class="cline-any cline-neutral">&nbsp;</span>
<span class="cline-any cline-neutral">&nbsp;</span>
<span class="cline-any cline-neutral">&nbsp;</span>
<span class="cline-any cline-neutral">&nbsp;</span>
<span class="cline-any cline-neutral">&nbsp;</span>
<span class="cline-any cline-neutral">&nbsp;</span>
<span class="cline-any cline-neutral">&nbsp;</span>
<span class="cline-any cline-neutral">&nbsp;</span>
<span class="cline-any cline-neutral">&nbsp;</span>
<span class="cline-any cline-neutral">&nbsp;</span>
<span class="cline-any cline-neutral">&nbsp;</span>
<span class="cline-any cline-neutral">&nbsp;</span>
<span class="cline-any cline-neutral">&nbsp;</span>
<span class="cline-any cline-neutral">&nbsp;</span>
<span class="cline-any cline-neutral">&nbsp;</span>
<span class="cline-any cline-neutral">&nbsp;</span>
<span class="cline-any cline-neutral">&nbsp;</span>
<span class="cline-any cline-neutral">&nbsp;</span>
<span class="cline-any cline-neutral">&nbsp;</span>
<span class="cline-any cline-neutral">&nbsp;</span>
<span class="cline-any cline-neutral">&nbsp;</span>
<span class="cline-any cline-neutral">&nbsp;</span>
<span class="cline-any cline-neutral">&nbsp;</span>
<span class="cline-any cline-neutral">&nbsp;</span>
<span class="cline-any cline-neutral">&nbsp;</span>
<span class="cline-any cline-neutral">&nbsp;</span>
<span class="cline-any cline-neutral">&nbsp;</span>
<span class="cline-any cline-neutral">&nbsp;</span>
<span class="cline-any cline-neutral">&nbsp;</span>
<span class="cline-any cline-neutral">&nbsp;</span>
<span class="cline-any cline-neutral">&nbsp;</span>
<span class="cline-any cline-neutral">&nbsp;</span>
<span class="cline-any cline-neutral">&nbsp;</span>
<span class="cline-any cline-neutral">&nbsp;</span>
<span class="cline-any cline-neutral">&nbsp;</span>
<span class="cline-any cline-neutral">&nbsp;</span>
<span class="cline-any cline-neutral">&nbsp;</span>
<span class="cline-any cline-neutral">&nbsp;</span>
<span class="cline-any cline-neutral">&nbsp;</span>
<span class="cline-any cline-neutral">&nbsp;</span>
<span class="cline-any cline-neutral">&nbsp;</span>
<span class="cline-any cline-neutral">&nbsp;</span>
<span class="cline-any cline-neutral">&nbsp;</span>
<span class="cline-any cline-neutral">&nbsp;</span>
<span class="cline-any cline-neutral">&nbsp;</span>
<span class="cline-any cline-neutral">&nbsp;</span>
<span class="cline-any cline-neutral">&nbsp;</span>
<span class="cline-any cline-neutral">&nbsp;</span>
<span class="cline-any cline-neutral">&nbsp;</span>
<span class="cline-any cline-neutral">&nbsp;</span>
<span class="cline-any cline-neutral">&nbsp;</span>
<span class="cline-any cline-neutral">&nbsp;</span>
<span class="cline-any cline-neutral">&nbsp;</span>
<span class="cline-any cline-neutral">&nbsp;</span>
<span class="cline-any cline-neutral">&nbsp;</span>
<span class="cline-any cline-neutral">&nbsp;</span>
<span class="cline-any cline-neutral">&nbsp;</span>
<span class="cline-any cline-neutral">&nbsp;</span>
<span class="cline-any cline-neutral">&nbsp;</span>
<span class="cline-any cline-neutral">&nbsp;</span>
<span class="cline-any cline-neutral">&nbsp;</span>
<span class="cline-any cline-neutral">&nbsp;</span>
<span class="cline-any cline-neutral">&nbsp;</span>
<span class="cline-any cline-neutral">&nbsp;</span>
<span class="cline-any cline-neutral">&nbsp;</span>
<span class="cline-any cline-neutral">&nbsp;</span>
<span class="cline-any cline-neutral">&nbsp;</span>
<span class="cline-any cline-neutral">&nbsp;</span>
<span class="cline-any cline-neutral">&nbsp;</span>
<span class="cline-any cline-neutral">&nbsp;</span>
<span class="cline-any cline-neutral">&nbsp;</span>
<span class="cline-any cline-neutral">&nbsp;</span>
<span class="cline-any cline-neutral">&nbsp;</span>
<span class="cline-any cline-neutral">&nbsp;</span>
<span class="cline-any cline-neutral">&nbsp;</span>
<span class="cline-any cline-neutral">&nbsp;</span>
<span class="cline-any cline-neutral">&nbsp;</span>
<span class="cline-any cline-neutral">&nbsp;</span>
<span class="cline-any cline-neutral">&nbsp;</span>
<span class="cline-any cline-neutral">&nbsp;</span>
<span class="cline-any cline-neutral">&nbsp;</span>
<span class="cline-any cline-neutral">&nbsp;</span>
<span class="cline-any cline-neutral">&nbsp;</span>
<span class="cline-any cline-neutral">&nbsp;</span>
<span class="cline-any cline-neutral">&nbsp;</span>
<span class="cline-any cline-neutral">&nbsp;</span>
<span class="cline-any cline-neutral">&nbsp;</span>
<span class="cline-any cline-neutral">&nbsp;</span>
<span class="cline-any cline-neutral">&nbsp;</span>
<span class="cline-any cline-neutral">&nbsp;</span>
<span class="cline-any cline-neutral">&nbsp;</span>
<span class="cline-any cline-neutral">&nbsp;</span>
<span class="cline-any cline-neutral">&nbsp;</span>
<span class="cline-any cline-neutral">&nbsp;</span>
<span class="cline-any cline-neutral">&nbsp;</span>
<span class="cline-any cline-neutral">&nbsp;</span>
<span class="cline-any cline-neutral">&nbsp;</span>
<span class="cline-any cline-neutral">&nbsp;</span>
<span class="cline-any cline-neutral">&nbsp;</span>
<span class="cline-any cline-neutral">&nbsp;</span>
<span class="cline-any cline-neutral">&nbsp;</span>
<span class="cline-any cline-neutral">&nbsp;</span>
<span class="cline-any cline-neutral">&nbsp;</span>
<span class="cline-any cline-neutral">&nbsp;</span>
<span class="cline-any cline-neutral">&nbsp;</span>
<span class="cline-any cline-neutral">&nbsp;</span>
<span class="cline-any cline-neutral">&nbsp;</span>
<span class="cline-any cline-neutral">&nbsp;</span>
<span class="cline-any cline-neutral">&nbsp;</span>
<span class="cline-any cline-neutral">&nbsp;</span>
<span class="cline-any cline-neutral">&nbsp;</span>
<span class="cline-any cline-neutral">&nbsp;</span>
<span class="cline-any cline-neutral">&nbsp;</span>
<span class="cline-any cline-neutral">&nbsp;</span>
<span class="cline-any cline-neutral">&nbsp;</span>
<span class="cline-any cline-neutral">&nbsp;</span>
<span class="cline-any cline-neutral">&nbsp;</span>
<span class="cline-any cline-neutral">&nbsp;</span>
<span class="cline-any cline-neutral">&nbsp;</span>
<span class="cline-any cline-neutral">&nbsp;</span>
<span class="cline-any cline-neutral">&nbsp;</span>
<span class="cline-any cline-neutral">&nbsp;</span>
<span class="cline-any cline-neutral">&nbsp;</span>
<span class="cline-any cline-neutral">&nbsp;</span>
<span class="cline-any cline-neutral">&nbsp;</span>
<span class="cline-any cline-neutral">&nbsp;</span>
<span class="cline-any cline-neutral">&nbsp;</span>
<span class="cline-any cline-neutral">&nbsp;</span>
<span class="cline-any cline-neutral">&nbsp;</span>
<span class="cline-any cline-neutral">&nbsp;</span>
<span class="cline-any cline-neutral">&nbsp;</span>
<span class="cline-any cline-neutral">&nbsp;</span>
<span class="cline-any cline-neutral">&nbsp;</span>
<span class="cline-any cline-neutral">&nbsp;</span>
<span class="cline-any cline-neutral">&nbsp;</span>
<span class="cline-any cline-neutral">&nbsp;</span>
<span class="cline-any cline-neutral">&nbsp;</span>
<span class="cline-any cline-neutral">&nbsp;</span>
<span class="cline-any cline-neutral">&nbsp;</span>
<span class="cline-any cline-neutral">&nbsp;</span>
<span class="cline-any cline-neutral">&nbsp;</span>
<span class="cline-any cline-neutral">&nbsp;</span>
<span class="cline-any cline-neutral">&nbsp;</span>
<span class="cline-any cline-neutral">&nbsp;</span>
<span class="cline-any cline-neutral">&nbsp;</span>
<span class="cline-any cline-neutral">&nbsp;</span>
<span class="cline-any cline-neutral">&nbsp;</span>
<span class="cline-any cline-neutral">&nbsp;</span>
<span class="cline-any cline-neutral">&nbsp;</span>
<span class="cline-any cline-neutral">&nbsp;</span>
<span class="cline-any cline-neutral">&nbsp;</span>
<span class="cline-any cline-neutral">&nbsp;</span>
<span class="cline-any cline-neutral">&nbsp;</span>
<span class="cline-any cline-neutral">&nbsp;</span>
<span class="cline-any cline-neutral">&nbsp;</span>
<span class="cline-any cline-neutral">&nbsp;</span>
<span class="cline-any cline-neutral">&nbsp;</span>
<span class="cline-any cline-neutral">&nbsp;</span>
<span class="cline-any cline-neutral">&nbsp;</span>
<span class="cline-any cline-neutral">&nbsp;</span>
<span class="cline-any cline-neutral">&nbsp;</span>
<span class="cline-any cline-neutral">&nbsp;</span>
<span class="cline-any cline-neutral">&nbsp;</span>
<span class="cline-any cline-neutral">&nbsp;</span>
<span class="cline-any cline-neutral">&nbsp;</span>
<span class="cline-any cline-neutral">&nbsp;</span>
<span class="cline-any cline-neutral">&nbsp;</span>
<span class="cline-any cline-neutral">&nbsp;</span>
<span class="cline-any cline-neutral">&nbsp;</span>
<span class="cline-any cline-neutral">&nbsp;</span>
<span class="cline-any cline-neutral">&nbsp;</span>
<span class="cline-any cline-neutral">&nbsp;</span>
<span class="cline-any cline-neutral">&nbsp;</span>
<span class="cline-any cline-neutral">&nbsp;</span>
<span class="cline-any cline-neutral">&nbsp;</span>
<span class="cline-any cline-neutral">&nbsp;</span>
<span class="cline-any cline-neutral">&nbsp;</span>
<span class="cline-any cline-neutral">&nbsp;</span>
<span class="cline-any cline-neutral">&nbsp;</span>
<span class="cline-any cline-neutral">&nbsp;</span>
<span class="cline-any cline-neutral">&nbsp;</span>
<span class="cline-any cline-neutral">&nbsp;</span>
<span class="cline-any cline-neutral">&nbsp;</span>
<span class="cline-any cline-neutral">&nbsp;</span>
<span class="cline-any cline-neutral">&nbsp;</span>
<span class="cline-any cline-neutral">&nbsp;</span>
<span class="cline-any cline-neutral">&nbsp;</span>
<span class="cline-any cline-neutral">&nbsp;</span>
<span class="cline-any cline-neutral">&nbsp;</span>
<span class="cline-any cline-neutral">&nbsp;</span>
<span class="cline-any cline-neutral">&nbsp;</span>
<span class="cline-any cline-neutral">&nbsp;</span>
<span class="cline-any cline-neutral">&nbsp;</span>
<span class="cline-any cline-neutral">&nbsp;</span>
<span class="cline-any cline-neutral">&nbsp;</span>
<span class="cline-any cline-neutral">&nbsp;</span>
<span class="cline-any cline-neutral">&nbsp;</span>
<span class="cline-any cline-neutral">&nbsp;</span>
<span class="cline-any cline-neutral">&nbsp;</span>
<span class="cline-any cline-neutral">&nbsp;</span>
<span class="cline-any cline-neutral">&nbsp;</span>
<span class="cline-any cline-neutral">&nbsp;</span>
<span class="cline-any cline-neutral">&nbsp;</span>
<span class="cline-any cline-neutral">&nbsp;</span>
<span class="cline-any cline-neutral">&nbsp;</span>
<span class="cline-any cline-neutral">&nbsp;</span>
<span class="cline-any cline-neutral">&nbsp;</span>
<span class="cline-any cline-neutral">&nbsp;</span>
<span class="cline-any cline-neutral">&nbsp;</span>
<span class="cline-any cline-neutral">&nbsp;</span>
<span class="cline-any cline-neutral">&nbsp;</span>
<span class="cline-any cline-neutral">&nbsp;</span>
<span class="cline-any cline-neutral">&nbsp;</span>
<span class="cline-any cline-neutral">&nbsp;</span>
<span class="cline-any cline-neutral">&nbsp;</span>
<span class="cline-any cline-neutral">&nbsp;</span>
<span class="cline-any cline-neutral">&nbsp;</span>
<span class="cline-any cline-neutral">&nbsp;</span>
<span class="cline-any cline-neutral">&nbsp;</span>
<span class="cline-any cline-neutral">&nbsp;</span>
<span class="cline-any cline-neutral">&nbsp;</span>
<span class="cline-any cline-neutral">&nbsp;</span>
<span class="cline-any cline-neutral">&nbsp;</span>
<span class="cline-any cline-neutral">&nbsp;</span>
<span class="cline-any cline-neutral">&nbsp;</span>
<span class="cline-any cline-neutral">&nbsp;</span>
<span class="cline-any cline-neutral">&nbsp;</span>
<span class="cline-any cline-neutral">&nbsp;</span>
<span class="cline-any cline-neutral">&nbsp;</span>
<span class="cline-any cline-neutral">&nbsp;</span>
<span class="cline-any cline-neutral">&nbsp;</span>
<span class="cline-any cline-neutral">&nbsp;</span></td><td class="text"><pre class="prettyprint lang-js">// Jest Snapshot v1, https://goo.gl/fbAQLP
&nbsp;
<span class="cstat-no" title="statement not covered" >exports[`App Component renders without crashing 1`] = `</span>
ShallowWrapper {
  Symbol(enzyme.__root__): [Circular],
  Symbol(enzyme.__unrendered__): &lt;ProgressBar
    colorgiven="#3b3346"
    moveCurrentTime={[MockFunction]}
    progress={0.2}
  /&gt;,
  Symbol(enzyme.__renderer__): Object {
    "batchedUpdates": [Function],
    "getNode": [Function],
    "render": [Function],
    "simulateError": [Function],
    "simulateEvent": [Function],
    "unmount": [Function],
  },
  Symbol(enzyme.__node__): Object {
    "instance": null,
    "key": undefined,
    "nodeType": "function",
    "props": Object {
      "children": &lt;ForwardRef
        colorgiven="#3b3346"
        onClick={[Function]}
      &gt;
        &lt;ForwardRef
          colorgiven="#3b3346"
          progress={0.2}
        /&gt;
      &lt;/ForwardRef&gt;,
    },
    "ref": null,
    "rendered": Object {
      "instance": null,
      "key": undefined,
      "nodeType": "function",
      "props": Object {
        "children": &lt;ForwardRef
          colorgiven="#3b3346"
          progress={0.2}
        /&gt;,
        "colorgiven": "#3b3346",
        "onClick": [Function],
      },
      "ref": null,
      "rendered": Object {
        "instance": null,
        "key": undefined,
        "nodeType": "function",
        "props": Object {
          "colorgiven": "#3b3346",
          "progress": 0.2,
        },
        "ref": null,
        "rendered": null,
        "type": Object {
          "$$typeof": Symbol(react.forward_ref),
          "attrs": Array [
            [Function],
          ],
          "componentStyle": ComponentStyle {
            "componentId": "sc-htpNat",
            "isStatic": false,
            "rules": Array [
              "
	background-color: ",
              [Function],
              ";
	height: 20px;
	margin: 0;
",
            ],
          },
          "displayName": "styled.div",
          "propTypes": Object {
            "progress": [Function],
          },
          "render": [Function],
          "styledComponentId": "sc-htpNat",
          "target": "div",
          "toString": [Function],
          "warnTooManyClasses": [Function],
          "withComponent": [Function],
        },
      },
      "type": Object {
        "$$typeof": Symbol(react.forward_ref),
        "attrs": Array [],
        "componentStyle": ComponentStyle {
          "componentId": "sc-bwzfXH",
          "isStatic": false,
          "rules": Array [
            "
	width: 100%;
	background-color: ",
            [Function],
            ";
	height: 20px;
	margin: 0;
",
          ],
        },
        "displayName": "styled.div",
        "render": [Function],
        "styledComponentId": "sc-bwzfXH",
        "target": "div",
        "toString": [Function],
        "warnTooManyClasses": [Function],
        "withComponent": [Function],
      },
    },
    "type": Object {
      "$$typeof": Symbol(react.forward_ref),
      "attrs": Array [],
      "componentStyle": ComponentStyle {
        "componentId": "sc-bdVaJa",
        "isStatic": true,
        "rules": Array [
          "
	width: 100%;
",
        ],
      },
      "displayName": "styled.div",
      "render": [Function],
      "styledComponentId": "sc-bdVaJa",
      "target": "div",
      "toString": [Function],
      "warnTooManyClasses": [Function],
      "withComponent": [Function],
    },
  },
  Symbol(enzyme.__nodes__): Array [
    Object {
      "instance": null,
      "key": undefined,
      "nodeType": "function",
      "props": Object {
        "children": &lt;ForwardRef
          colorgiven="#3b3346"
          onClick={[Function]}
        &gt;
          &lt;ForwardRef
            colorgiven="#3b3346"
            progress={0.2}
          /&gt;
        &lt;/ForwardRef&gt;,
      },
      "ref": null,
      "rendered": Object {
        "instance": null,
        "key": undefined,
        "nodeType": "function",
        "props": Object {
          "children": &lt;ForwardRef
            colorgiven="#3b3346"
            progress={0.2}
          /&gt;,
          "colorgiven": "#3b3346",
          "onClick": [Function],
        },
        "ref": null,
        "rendered": Object {
          "instance": null,
          "key": undefined,
          "nodeType": "function",
          "props": Object {
            "colorgiven": "#3b3346",
            "progress": 0.2,
          },
          "ref": null,
          "rendered": null,
          "type": Object {
            "$$typeof": Symbol(react.forward_ref),
            "attrs": Array [
              [Function],
            ],
            "componentStyle": ComponentStyle {
              "componentId": "sc-htpNat",
              "isStatic": false,
              "rules": Array [
                "
	background-color: ",
                [Function],
                ";
	height: 20px;
	margin: 0;
",
              ],
            },
            "displayName": "styled.div",
            "propTypes": Object {
              "progress": [Function],
            },
            "render": [Function],
            "styledComponentId": "sc-htpNat",
            "target": "div",
            "toString": [Function],
            "warnTooManyClasses": [Function],
            "withComponent": [Function],
          },
        },
        "type": Object {
          "$$typeof": Symbol(react.forward_ref),
          "attrs": Array [],
          "componentStyle": ComponentStyle {
            "componentId": "sc-bwzfXH",
            "isStatic": false,
            "rules": Array [
              "
	width: 100%;
	background-color: ",
              [Function],
              ";
	height: 20px;
	margin: 0;
",
            ],
          },
          "displayName": "styled.div",
          "render": [Function],
          "styledComponentId": "sc-bwzfXH",
          "target": "div",
          "toString": [Function],
          "warnTooManyClasses": [Function],
          "withComponent": [Function],
        },
      },
      "type": Object {
        "$$typeof": Symbol(react.forward_ref),
        "attrs": Array [],
        "componentStyle": ComponentStyle {
          "componentId": "sc-bdVaJa",
          "isStatic": true,
          "rules": Array [
            "
	width: 100%;
",
          ],
        },
        "displayName": "styled.div",
        "render": [Function],
        "styledComponentId": "sc-bdVaJa",
        "target": "div",
        "toString": [Function],
        "warnTooManyClasses": [Function],
        "withComponent": [Function],
      },
    },
  ],
  Symbol(enzyme.__options__): Object {
    "adapter": ReactSixteenAdapter {
      "options": Object {
        "enableComponentDidUpdateOnSetState": true,
        "lifecycles": Object {
          "componentDidUpdate": Object {
            "onSetState": true,
          },
          "getDerivedStateFromProps": true,
          "getSnapshotBeforeUpdate": true,
          "setState": Object {
            "skipsComponentDidUpdateOnNullish": true,
          },
        },
      },
    },
  },
}
`;
&nbsp;</pre></td></tr>
</table></pre>
<div class='push'></div><!-- for sticky footer -->
</div><!-- /wrapper -->
<div class='footer quiet pad2 space-top1 center small'>
  Code coverage
  generated by <a href="https://istanbul.js.org/" target="_blank">istanbul</a> at Tue Dec 04 2018 18:49:27 GMT+0200 (IST)
</div>
</div>
<script src="../../../../../prettify.js"></script>
<script>
window.onload = function () {
        if (typeof prettyPrint === 'function') {
            prettyPrint();
        }
};
</script>
<script src="../../../../../sorter.js"></script>
</body>
</html>
