// Jest Snapshot v1, https://goo.gl/fbAQLP

exports[`ProgressBar Component renders without crashing 1`] = `
ShallowWrapper {
  Symbol(enzyme.__root__): [Circular],
  Symbol(enzyme.__unrendered__): <ProgressBar
    colorgiven="#3b3346"
    moveCurrentTime={[MockFunction]}
    progress={0.2}
  />,
  Symbol(enzyme.__renderer__): Object {
    "batchedUpdates": [Function],
    "getNode": [Function],
    "render": [Function],
    "simulateError": [Function],
    "simulateEvent": [Function],
    "unmount": [Function],
  },
  Symbol(enzyme.__node__): Object {
    "instance": null,
    "key": undefined,
    "nodeType": "function",
    "props": Object {
      "children": <ForwardRef
        colorgiven="#3b3346"
        onClick={[Function]}
      >
        <ForwardRef
          colorgiven="#3b3346"
          progress={0.2}
        />
      </ForwardRef>,
    },
    "ref": null,
    "rendered": Object {
      "instance": null,
      "key": undefined,
      "nodeType": "function",
      "props": Object {
        "children": <ForwardRef
          colorgiven="#3b3346"
          progress={0.2}
        />,
        "colorgiven": "#3b3346",
        "onClick": [Function],
      },
      "ref": null,
      "rendered": Object {
        "instance": null,
        "key": undefined,
        "nodeType": "function",
        "props": Object {
          "colorgiven": "#3b3346",
          "progress": 0.2,
        },
        "ref": null,
        "rendered": null,
        "type": Object {
          "$$typeof": Symbol(react.forward_ref),
          "attrs": Array [
            [Function],
          ],
          "componentStyle": ComponentStyle {
            "componentId": "sc-htpNat",
            "isStatic": false,
            "rules": Array [
              "
	background-color: ",
              [Function],
              ";
	height: 20px;
	margin: 0;
",
            ],
          },
          "displayName": "styled.div",
          "propTypes": Object {
            "progress": [Function],
          },
          "render": [Function],
          "styledComponentId": "sc-htpNat",
          "target": "div",
          "toString": [Function],
          "warnTooManyClasses": [Function],
          "withComponent": [Function],
        },
      },
      "type": Object {
        "$$typeof": Symbol(react.forward_ref),
        "attrs": Array [],
        "componentStyle": ComponentStyle {
          "componentId": "sc-bwzfXH",
          "isStatic": false,
          "rules": Array [
            "
	width: 100%;
	background-color: ",
            [Function],
            ";
	height: 20px;
	margin: 0;
",
          ],
        },
        "displayName": "styled.div",
        "render": [Function],
        "styledComponentId": "sc-bwzfXH",
        "target": "div",
        "toString": [Function],
        "warnTooManyClasses": [Function],
        "withComponent": [Function],
      },
    },
    "type": Object {
      "$$typeof": Symbol(react.forward_ref),
      "attrs": Array [],
      "componentStyle": ComponentStyle {
        "componentId": "sc-bdVaJa",
        "isStatic": true,
        "rules": Array [
          "
	width: 100%;
",
        ],
      },
      "displayName": "styled.div",
      "render": [Function],
      "styledComponentId": "sc-bdVaJa",
      "target": "div",
      "toString": [Function],
      "warnTooManyClasses": [Function],
      "withComponent": [Function],
    },
  },
  Symbol(enzyme.__nodes__): Array [
    Object {
      "instance": null,
      "key": undefined,
      "nodeType": "function",
      "props": Object {
        "children": <ForwardRef
          colorgiven="#3b3346"
          onClick={[Function]}
        >
          <ForwardRef
            colorgiven="#3b3346"
            progress={0.2}
          />
        </ForwardRef>,
      },
      "ref": null,
      "rendered": Object {
        "instance": null,
        "key": undefined,
        "nodeType": "function",
        "props": Object {
          "children": <ForwardRef
            colorgiven="#3b3346"
            progress={0.2}
          />,
          "colorgiven": "#3b3346",
          "onClick": [Function],
        },
        "ref": null,
        "rendered": Object {
          "instance": null,
          "key": undefined,
          "nodeType": "function",
          "props": Object {
            "colorgiven": "#3b3346",
            "progress": 0.2,
          },
          "ref": null,
          "rendered": null,
          "type": Object {
            "$$typeof": Symbol(react.forward_ref),
            "attrs": Array [
              [Function],
            ],
            "componentStyle": ComponentStyle {
              "componentId": "sc-htpNat",
              "isStatic": false,
              "rules": Array [
                "
	background-color: ",
                [Function],
                ";
	height: 20px;
	margin: 0;
",
              ],
            },
            "displayName": "styled.div",
            "propTypes": Object {
              "progress": [Function],
            },
            "render": [Function],
            "styledComponentId": "sc-htpNat",
            "target": "div",
            "toString": [Function],
            "warnTooManyClasses": [Function],
            "withComponent": [Function],
          },
        },
        "type": Object {
          "$$typeof": Symbol(react.forward_ref),
          "attrs": Array [],
          "componentStyle": ComponentStyle {
            "componentId": "sc-bwzfXH",
            "isStatic": false,
            "rules": Array [
              "
	width: 100%;
	background-color: ",
              [Function],
              ";
	height: 20px;
	margin: 0;
",
            ],
          },
          "displayName": "styled.div",
          "render": [Function],
          "styledComponentId": "sc-bwzfXH",
          "target": "div",
          "toString": [Function],
          "warnTooManyClasses": [Function],
          "withComponent": [Function],
        },
      },
      "type": Object {
        "$$typeof": Symbol(react.forward_ref),
        "attrs": Array [],
        "componentStyle": ComponentStyle {
          "componentId": "sc-bdVaJa",
          "isStatic": true,
          "rules": Array [
            "
	width: 100%;
",
          ],
        },
        "displayName": "styled.div",
        "render": [Function],
        "styledComponentId": "sc-bdVaJa",
        "target": "div",
        "toString": [Function],
        "warnTooManyClasses": [Function],
        "withComponent": [Function],
      },
    },
  ],
  Symbol(enzyme.__options__): Object {
    "adapter": ReactSixteenAdapter {
      "options": Object {
        "enableComponentDidUpdateOnSetState": true,
        "lifecycles": Object {
          "componentDidUpdate": Object {
            "onSetState": true,
          },
          "getDerivedStateFromProps": true,
          "getSnapshotBeforeUpdate": true,
          "setState": Object {
            "skipsComponentDidUpdateOnNullish": true,
          },
        },
      },
    },
  },
}
`;
